// Jest Snapshot v1, https://goo.gl/fbAQLP

exports[`Link rendering renders correctly 1`] = `ShallowWrapper {}`;
