// Jest Snapshot v1, https://goo.gl/fbAQLP

exports[`Filters rendering renders correctly 1`] = `ShallowWrapper {}`;
